// Jest Snapshot v1, https://goo.gl/fbAQLP

exports[`ProductTitle Debe mostrar el componente con el nombre del producto 1`] = `
<div
  className="productCard undefined"
>
  <span
    className="productDescription undefined"
  >
    Coffe Mug - sin imagen
  </span>
</div>
`;

exports[`ProductTitle Debe mostrar el componente con el titulo personalizado 1`] = `
<span
  className="productDescription class-style"
>
  Custom product
</span>
`;
